
> identificacion-aps@0.1.0 build
> next build

Ôû▓ Next.js 16.2.0 (Turbopack)
- Environments: .env

node.exe : ÔÜá The 
"middleware" file 
convention is 
deprecated. Please use 
"proxy" instead. Learn 
more: https://nextjs.or
g/docs/messages/middlew
are-to-proxy
En línea: 1 Carácter: 1
+ & "C:\Program 
Files\nodejs/node.exe" 
"C:\Program 
Files\nodejs/node_mo 
...
+ ~~~~~~~~~~~~~~~~~~~~~
~~~~~~~~~~~~~~~~~~~~~~~
~~~~~~~~~~~~~~~~~~~~~~~
~~
    + CategoryInfo     
         : NotSpecifi  
  ed: (ÔÜá The "midd   
 le...leware-to-pro    
xy:String) [], Rem    
oteException
    + FullyQualifiedEr 
   rorId : NativeComm  
  andError
 
  Creating an optimized production build ...
Ô£ô Compiled successfully in 3.4s
  Running TypeScript ...
Failed to type check.

.next/dev/types/validat
or.ts:144:31
Type error: Type 
'typeof import("C:/User
s/juant/OneDrive/Docume
ntos/JuanF/Proyectos/id
entificacion-aps/src/ap
p/api/admin/fichas/[id]
/route")' does not 
satisfy the constraint 
'RouteHandlerConfig<"/a
pi/admin/fichas/[id]">'
.
  Types of property 
'PATCH' are 
incompatible.
    Type '(req: 
Request, { params }: { 
params: { id: string; 
}; }) => 
Promise<NextResponse<{ 
message: string; 
ficha: { id: string; 
createdAt: Date; 
updatedAt: Date; 
consecutivo: number; 
estadoVisita: string; 
... 46 more ...; 
encuestadorId: string 
| null; }; }> | 
NextResponse<...>>' is 
not assignable to type 
'(request: 
NextRequest, context: 
{ params: Promise<{ 
id: string; }>; }) => 
void | Response | 
Promise<void | 
Response>'.
      Types of 
parameters '__1' and 
'context' are 
incompatible.
        Type '{ 
params: Promise<{ id: 
string; }>; }' is not 
assignable to type '{ 
params: { id: string; 
}; }'.
          Types of 
property 'params' are 
incompatible.
            Property 
'id' is missing in 
type 'Promise<{ id: 
string; }>' but 
required in type '{ 
id: string; }'.

  [90m142 |[0m   
[36mtype[0m __IsExpec
ted<[33mSpecific[0m 
[36mextends[0m [33mR
outeHandlerConfig[0m<
[32m"/api/admin/fichas/
[id]"[0m>> = 
[33mSpec...[0m
  [90m143 |[0m   
[36mconst[0m handler 
= {} [36mas[0m 
[36mtypeof[0m [36mim
port[0m([32m"../../..
/src/app/api/admin/fich
as/[id]/route.js"[0m)
[31m[1m>[0m 
[90m144 |[0m   
[36mtype[0m __Check 
= __IsExpected<[36mtyp
eof[0m handler>
  [90m    |[0m       
                       
 [31m[1m^[0m
  [90m145 |[0m   
[90m// @ts-ignore[0m
  [90m146 |[0m   
[36mtype[0m __Unused 
= __Check
  [90m147 |[0m }
Next.js build worker 
exited with code: 1 
and signal: null
